Archive member included because of file (symbol)

c:/program files (x86)/gnu tools arm embedded/4.9 2015q2/bin/../lib/gcc/arm-none-eabi/4.9.3/armv6-m\libgcc.a(_udivsi3.o)
                              ..\obj\stm32f0xx_rcc.o (__aeabi_uidiv)
c:/program files (x86)/gnu tools arm embedded/4.9 2015q2/bin/../lib/gcc/arm-none-eabi/4.9.3/armv6-m\libgcc.a(_divsi3.o)
                              ..\obj\HFunc.o (__aeabi_idiv)
c:/program files (x86)/gnu tools arm embedded/4.9 2015q2/bin/../lib/gcc/arm-none-eabi/4.9.3/armv6-m\libgcc.a(_dvmd_tls.o)
                              c:/program files (x86)/gnu tools arm embedded/4.9 2015q2/bin/../lib/gcc/arm-none-eabi/4.9.3/armv6-m\libgcc.a(_udivsi3.o) (__aeabi_idiv0)
c:/program files (x86)/gnu tools arm embedded/4.9 2015q2/bin/../lib/gcc/arm-none-eabi/4.9.3/armv6-m\libgcc.a(_arm_cmpdf2.o)
                              ..\obj\HFunc.o (__aeabi_dcmpgt)
c:/program files (x86)/gnu tools arm embedded/4.9 2015q2/bin/../lib/gcc/arm-none-eabi/4.9.3/armv6-m\libgcc.a(_arm_cmpsf2.o)
                              ..\obj\HFunc.o (__aeabi_fcmplt)
c:/program files (x86)/gnu tools arm embedded/4.9 2015q2/bin/../lib/gcc/arm-none-eabi/4.9.3/armv6-m\libgcc.a(_fixunssfsi.o)
                              ..\obj\HFunc.o (__aeabi_f2uiz)
c:/program files (x86)/gnu tools arm embedded/4.9 2015q2/bin/../lib/gcc/arm-none-eabi/4.9.3/armv6-m\libgcc.a(addsf3.o)
                              ..\obj\HFunc.o (__aeabi_fadd)
c:/program files (x86)/gnu tools arm embedded/4.9 2015q2/bin/../lib/gcc/arm-none-eabi/4.9.3/armv6-m\libgcc.a(divsf3.o)
                              ..\obj\HFunc.o (__aeabi_fdiv)
c:/program files (x86)/gnu tools arm embedded/4.9 2015q2/bin/../lib/gcc/arm-none-eabi/4.9.3/armv6-m\libgcc.a(eqsf2.o)
                              c:/program files (x86)/gnu tools arm embedded/4.9 2015q2/bin/../lib/gcc/arm-none-eabi/4.9.3/armv6-m\libgcc.a(_arm_cmpsf2.o) (__eqsf2)
c:/program files (x86)/gnu tools arm embedded/4.9 2015q2/bin/../lib/gcc/arm-none-eabi/4.9.3/armv6-m\libgcc.a(gesf2.o)
                              c:/program files (x86)/gnu tools arm embedded/4.9 2015q2/bin/../lib/gcc/arm-none-eabi/4.9.3/armv6-m\libgcc.a(_arm_cmpsf2.o) (__gesf2)
c:/program files (x86)/gnu tools arm embedded/4.9 2015q2/bin/../lib/gcc/arm-none-eabi/4.9.3/armv6-m\libgcc.a(lesf2.o)
                              c:/program files (x86)/gnu tools arm embedded/4.9 2015q2/bin/../lib/gcc/arm-none-eabi/4.9.3/armv6-m\libgcc.a(_arm_cmpsf2.o) (__lesf2)
c:/program files (x86)/gnu tools arm embedded/4.9 2015q2/bin/../lib/gcc/arm-none-eabi/4.9.3/armv6-m\libgcc.a(mulsf3.o)
                              ..\obj\HFunc.o (__aeabi_fmul)
c:/program files (x86)/gnu tools arm embedded/4.9 2015q2/bin/../lib/gcc/arm-none-eabi/4.9.3/armv6-m\libgcc.a(subsf3.o)
                              ..\obj\HFunc.o (__aeabi_fsub)
c:/program files (x86)/gnu tools arm embedded/4.9 2015q2/bin/../lib/gcc/arm-none-eabi/4.9.3/armv6-m\libgcc.a(fixsfsi.o)
                              ..\obj\HFunc.o (__aeabi_f2iz)
c:/program files (x86)/gnu tools arm embedded/4.9 2015q2/bin/../lib/gcc/arm-none-eabi/4.9.3/armv6-m\libgcc.a(floatsisf.o)
                              ..\obj\HFunc.o (__aeabi_i2f)
c:/program files (x86)/gnu tools arm embedded/4.9 2015q2/bin/../lib/gcc/arm-none-eabi/4.9.3/armv6-m\libgcc.a(floatunsisf.o)
                              ..\obj\HFunc.o (__aeabi_ui2f)
c:/program files (x86)/gnu tools arm embedded/4.9 2015q2/bin/../lib/gcc/arm-none-eabi/4.9.3/armv6-m\libgcc.a(adddf3.o)
                              ..\obj\HFunc.o (__aeabi_dadd)
c:/program files (x86)/gnu tools arm embedded/4.9 2015q2/bin/../lib/gcc/arm-none-eabi/4.9.3/armv6-m\libgcc.a(divdf3.o)
                              ..\obj\HFunc.o (__aeabi_ddiv)
c:/program files (x86)/gnu tools arm embedded/4.9 2015q2/bin/../lib/gcc/arm-none-eabi/4.9.3/armv6-m\libgcc.a(eqdf2.o)
                              c:/program files (x86)/gnu tools arm embedded/4.9 2015q2/bin/../lib/gcc/arm-none-eabi/4.9.3/armv6-m\libgcc.a(_arm_cmpdf2.o) (__eqdf2)
c:/program files (x86)/gnu tools arm embedded/4.9 2015q2/bin/../lib/gcc/arm-none-eabi/4.9.3/armv6-m\libgcc.a(gedf2.o)
                              c:/program files (x86)/gnu tools arm embedded/4.9 2015q2/bin/../lib/gcc/arm-none-eabi/4.9.3/armv6-m\libgcc.a(_arm_cmpdf2.o) (__gedf2)
c:/program files (x86)/gnu tools arm embedded/4.9 2015q2/bin/../lib/gcc/arm-none-eabi/4.9.3/armv6-m\libgcc.a(ledf2.o)
                              c:/program files (x86)/gnu tools arm embedded/4.9 2015q2/bin/../lib/gcc/arm-none-eabi/4.9.3/armv6-m\libgcc.a(_arm_cmpdf2.o) (__ledf2)
c:/program files (x86)/gnu tools arm embedded/4.9 2015q2/bin/../lib/gcc/arm-none-eabi/4.9.3/armv6-m\libgcc.a(muldf3.o)
                              ..\obj\HFunc.o (__aeabi_dmul)
c:/program files (x86)/gnu tools arm embedded/4.9 2015q2/bin/../lib/gcc/arm-none-eabi/4.9.3/armv6-m\libgcc.a(subdf3.o)
                              ..\obj\HFunc.o (__aeabi_dsub)
c:/program files (x86)/gnu tools arm embedded/4.9 2015q2/bin/../lib/gcc/arm-none-eabi/4.9.3/armv6-m\libgcc.a(extendsfdf2.o)
                              ..\obj\HFunc.o (__aeabi_f2d)
c:/program files (x86)/gnu tools arm embedded/4.9 2015q2/bin/../lib/gcc/arm-none-eabi/4.9.3/armv6-m\libgcc.a(truncdfsf2.o)
                              ..\obj\HFunc.o (__aeabi_d2f)
c:/program files (x86)/gnu tools arm embedded/4.9 2015q2/bin/../lib/gcc/arm-none-eabi/4.9.3/armv6-m\libgcc.a(_clzsi2.o)
                              c:/program files (x86)/gnu tools arm embedded/4.9 2015q2/bin/../lib/gcc/arm-none-eabi/4.9.3/armv6-m\libgcc.a(addsf3.o) (__clzsi2)
c:/program files (x86)/gnu tools arm embedded/4.9 2015q2/bin/../lib/gcc/arm-none-eabi/4.9.3/../../../../arm-none-eabi/lib/armv6-m\libg.a(lib_a-memset.o)
                              ..\obj\HFunc.o (memset)

Allocating common symbols
Common symbol       size              file

N                   0x3               ..\obj\main.o
S                   0x12              ..\obj\ILI9163.o
BKGCol              0x2               ..\obj\ILI9163.o
G                   0x8               ..\obj\ILI9163.o
E                   0x8               ..\obj\main.o
pbuf                0xa00             ..\obj\main.o

Discarded input sections

 .text          0x00000000        0x0 ..\obj\stm32f0xx_rcc.o
 .data          0x00000000       0x10 ..\obj\stm32f0xx_rcc.o
 .bss           0x00000000        0x0 ..\obj\stm32f0xx_rcc.o
 .text.RCC_DeInit
                0x00000000       0x60 ..\obj\stm32f0xx_rcc.o
 .text.RCC_HSEConfig
                0x00000000       0x10 ..\obj\stm32f0xx_rcc.o
 .text.RCC_WaitForHSEStartUp
                0x00000000       0x3c ..\obj\stm32f0xx_rcc.o
 .text.RCC_AdjustHSICalibrationValue
                0x00000000       0x14 ..\obj\stm32f0xx_rcc.o
 .text.RCC_HSICmd
                0x00000000       0x20 ..\obj\stm32f0xx_rcc.o
 .text.RCC_AdjustHSI14CalibrationValue
                0x00000000       0x14 ..\obj\stm32f0xx_rcc.o
 .text.RCC_HSI14Cmd
                0x00000000       0x20 ..\obj\stm32f0xx_rcc.o
 .text.RCC_HSI14ADCRequestCmd
                0x00000000       0x20 ..\obj\stm32f0xx_rcc.o
 .text.RCC_LSEConfig
                0x00000000       0x20 ..\obj\stm32f0xx_rcc.o
 .text.RCC_LSEDriveConfig
                0x00000000       0x18 ..\obj\stm32f0xx_rcc.o
 .text.RCC_LSICmd
                0x00000000       0x20 ..\obj\stm32f0xx_rcc.o
 .text.RCC_PREDIV1Config
                0x00000000       0x14 ..\obj\stm32f0xx_rcc.o
 .text.RCC_ClockSecuritySystemCmd
                0x00000000       0x24 ..\obj\stm32f0xx_rcc.o
 .text.RCC_MCOConfig
                0x00000000        0xc ..\obj\stm32f0xx_rcc.o
 .text.RCC_GetSYSCLKSource
                0x00000000       0x10 ..\obj\stm32f0xx_rcc.o
 .text.RCC_HCLKConfig
                0x00000000       0x14 ..\obj\stm32f0xx_rcc.o
 .text.RCC_PCLKConfig
                0x00000000       0x18 ..\obj\stm32f0xx_rcc.o
 .text.RCC_ADCCLKConfig
                0x00000000       0x34 ..\obj\stm32f0xx_rcc.o
 .text.RCC_CECCLKConfig
                0x00000000       0x18 ..\obj\stm32f0xx_rcc.o
 .text.RCC_I2CCLKConfig
                0x00000000       0x18 ..\obj\stm32f0xx_rcc.o
 .text.RCC_USARTCLKConfig
                0x00000000       0x18 ..\obj\stm32f0xx_rcc.o
 .text.RCC_GetClocksFreq
                0x00000000      0x108 ..\obj\stm32f0xx_rcc.o
 .text.RCC_RTCCLKConfig
                0x00000000       0x10 ..\obj\stm32f0xx_rcc.o
 .text.RCC_RTCCLKCmd
                0x00000000       0x24 ..\obj\stm32f0xx_rcc.o
 .text.RCC_BackupResetCmd
                0x00000000       0x24 ..\obj\stm32f0xx_rcc.o
 .text.RCC_APB1PeriphClockCmd
                0x00000000       0x18 ..\obj\stm32f0xx_rcc.o
 .text.RCC_AHBPeriphResetCmd
                0x00000000       0x18 ..\obj\stm32f0xx_rcc.o
 .text.RCC_APB2PeriphResetCmd
                0x00000000       0x18 ..\obj\stm32f0xx_rcc.o
 .text.RCC_APB1PeriphResetCmd
                0x00000000       0x18 ..\obj\stm32f0xx_rcc.o
 .text.RCC_ITConfig
                0x00000000       0x18 ..\obj\stm32f0xx_rcc.o
 .text.RCC_ClearFlag
                0x00000000       0x14 ..\obj\stm32f0xx_rcc.o
 .text.RCC_GetITStatus
                0x00000000       0x14 ..\obj\stm32f0xx_rcc.o
 .text.RCC_ClearITPendingBit
                0x00000000        0xc ..\obj\stm32f0xx_rcc.o
 .text          0x00000000        0x0 ..\obj\HFunc.o
 .data          0x00000000      0x100 ..\obj\HFunc.o
 .bss           0x00000000        0x0 ..\obj\HFunc.o
 .text.Num2Str.part.1
                0x00000000       0xc0 ..\obj\HFunc.o
 .text.StrCpy   0x00000000       0x28 ..\obj\HFunc.o
 .text.StrCpyC  0x00000000       0x18 ..\obj\HFunc.o
 .text.Abs      0x00000000        0x8 ..\obj\HFunc.o
 .text.StrLen   0x00000000       0x18 ..\obj\HFunc.o
 .text.FPow     0x00000000       0x1c ..\obj\HFunc.o
 .text.CheckNumLength
                0x00000000       0x54 ..\obj\HFunc.o
 .text.Num2Str  0x00000000       0x18 ..\obj\HFunc.o
 .text.FAbs     0x00000000       0x1c ..\obj\HFunc.o
 .text.RPrec    0x00000000       0x70 ..\obj\HFunc.o
 .text.Flt2Str  0x00000000      0x11c ..\obj\HFunc.o
 .text.Str2NumC
                0x00000000       0xb4 ..\obj\HFunc.o
 .text.Str2Num  0x00000000       0x90 ..\obj\HFunc.o
 .text.Str2NumH
                0x00000000       0xe4 ..\obj\HFunc.o
 .text.Str2FltC
                0x00000000      0x3f8 ..\obj\HFunc.o
 .text.StrCmp   0x00000000       0x44 ..\obj\HFunc.o
 .text.StrFind  0x00000000       0x7c ..\obj\HFunc.o
 .text.wSin     0x00000000       0xd0 ..\obj\HFunc.o
 .text.wCos     0x00000000       0xe0 ..\obj\HFunc.o
 .text.fSqrt    0x00000000       0x18 ..\obj\HFunc.o
 .text.CalcDist
                0x00000000      0x1c4 ..\obj\HFunc.o
 .debug_info    0x00000000     0x15b5 ..\obj\HFunc.o
 .debug_abbrev  0x00000000      0x38b ..\obj\HFunc.o
 .debug_loc     0x00000000     0x397d ..\obj\HFunc.o
 .debug_aranges
                0x00000000       0xc0 ..\obj\HFunc.o
 .debug_ranges  0x00000000      0x590 ..\obj\HFunc.o
 .debug_line    0x00000000      0x6bf ..\obj\HFunc.o
 .debug_str     0x00000000      0x2e5 ..\obj\HFunc.o
 .comment       0x00000000       0x71 ..\obj\HFunc.o
 .debug_frame   0x00000000      0x278 ..\obj\HFunc.o
 .ARM.attributes
                0x00000000       0x31 ..\obj\HFunc.o
 .text          0x00000000        0x0 ..\obj\GFXC.o
 .data          0x00000000        0x4 ..\obj\GFXC.o
 .bss           0x00000000        0x0 ..\obj\GFXC.o
 .text.LineC.constprop.1
                0x00000000      0x198 ..\obj\GFXC.o
 .text.LineC.constprop.2
                0x00000000       0xd8 ..\obj\GFXC.o
 .text.ColIP    0x00000000       0x54 ..\obj\GFXC.o
 .text.ColP     0x00000000       0x40 ..\obj\GFXC.o
 .text.Conv16C16BPix
                0x00000000       0x28 ..\obj\GFXC.o
 .text.Conv16C16BBuf
                0x00000000       0x74 ..\obj\GFXC.o
 .text.Conv565RGB
                0x00000000       0x14 ..\obj\GFXC.o
 .text.Conv332RGB
                0x00000000       0x18 ..\obj\GFXC.o
 .text.ConvRGB565T
                0x00000000       0x10 ..\obj\GFXC.o
 .text.ConvRGB565_332
                0x00000000       0x14 ..\obj\GFXC.o
 .text.ConvRGB332_565
                0x00000000       0x18 ..\obj\GFXC.o
 .text.PChar    0x00000000      0x17c ..\obj\GFXC.o
 .rodata        0x00000000      0x45d ..\obj\GFXC.o
 .text.PStr     0x00000000      0x1c8 ..\obj\GFXC.o
 .text.PStrL    0x00000000      0x1f0 ..\obj\GFXC.o
 .text.PNum     0x00000000      0x37c ..\obj\GFXC.o
 .text.PNumF    0x00000000      0x240 ..\obj\GFXC.o
 .text.Circle   0x00000000       0xcc ..\obj\GFXC.o
 .text.Ellipse  0x00000000       0xcc ..\obj\GFXC.o
 .text.Semicircle
                0x00000000      0x168 ..\obj\GFXC.o
 .text.Rect     0x00000000      0x2fc ..\obj\GFXC.o
 .text.FillRec  0x00000000       0x98 ..\obj\GFXC.o
 .text.LineP    0x00000000       0xac ..\obj\GFXC.o
 .text.DrawSquare
                0x00000000       0x84 ..\obj\GFXC.o
 .text.DrawFill
                0x00000000       0xbc ..\obj\GFXC.o
 .text.LineC    0x00000000      0x1fc ..\obj\GFXC.o
 .text.Row      0x00000000       0x6c ..\obj\GFXC.o
 .text.Column   0x00000000       0x6c ..\obj\GFXC.o
 .text.InBounds
                0x00000000       0x30 ..\obj\GFXC.o
 .text.RotateCo
                0x00000000       0xf4 ..\obj\GFXC.o
 .text.Triangle
                0x00000000      0x218 ..\obj\GFXC.o
 .text.qSin     0x00000000       0x44 ..\obj\GFXC.o
 .text.IAbs     0x00000000        0x8 ..\obj\GFXC.o
 .debug_info    0x00000000     0x319a ..\obj\GFXC.o
 .debug_abbrev  0x00000000      0x4b1 ..\obj\GFXC.o
 .debug_loc     0x00000000     0x50fe ..\obj\GFXC.o
 .debug_aranges
                0x00000000      0x118 ..\obj\GFXC.o
 .debug_ranges  0x00000000      0x708 ..\obj\GFXC.o
 .debug_line    0x00000000      0xd27 ..\obj\GFXC.o
 .debug_str     0x00000000      0x58c ..\obj\GFXC.o
 .comment       0x00000000       0x71 ..\obj\GFXC.o
 .debug_frame   0x00000000      0x44c ..\obj\GFXC.o
 .ARM.attributes
                0x00000000       0x31 ..\obj\GFXC.o
 .text          0x00000000        0x0 ..\obj\ILI9163.o
 .bss           0x00000000        0x0 ..\obj\ILI9163.o
 .text.SB       0x00000000       0x54 ..\obj\ILI9163.o
 .text.SW       0x00000000       0x28 ..\obj\ILI9163.o
 .text.ClrScrn  0x00000000       0x10 ..\obj\ILI9163.o
 .text.WritePix
                0x00000000      0x310 ..\obj\ILI9163.o
 .text.PCol     0x00000000       0x64 ..\obj\ILI9163.o
 .text.SleepMode
                0x00000000       0xb0 ..\obj\ILI9163.o
 .text.IdleMode
                0x00000000       0x8c ..\obj\ILI9163.o
 .text.InvMode  0x00000000       0x8c ..\obj\ILI9163.o
 .text.RotateScreen
                0x00000000      0x458 ..\obj\ILI9163.o
 .text          0x00000000        0x0 ..\obj\main.o
 .text.Delayus  0x00000000       0x14 ..\obj\main.o
 .text.I_Start  0x00000000       0x5c ..\obj\main.o
 .text.I_Stop   0x00000000       0x48 ..\obj\main.o
 .text.I_NoAck  0x00000000       0x5c ..\obj\main.o
 .text.I_RB     0x00000000       0x78 ..\obj\main.o
 .text          0x00000000       0x14 ..\obj\startup_stm32f0xx.o
 .data          0x00000000        0x0 ..\obj\startup_stm32f0xx.o
 .bss           0x00000000        0x0 ..\obj\startup_stm32f0xx.o
 .text          0x00000000        0x0 ..\obj\stm32f0xx_spi.o
 .data          0x00000000        0x0 ..\obj\stm32f0xx_spi.o
 .bss           0x00000000        0x0 ..\obj\stm32f0xx_spi.o
 .text.SPI_I2S_DeInit
                0x00000000       0x44 ..\obj\stm32f0xx_spi.o
 .text.SPI_StructInit
                0x00000000       0x1c ..\obj\stm32f0xx_spi.o
 .text.I2S_StructInit
                0x00000000       0x10 ..\obj\stm32f0xx_spi.o
 .text.I2S_Init
                0x00000000       0xac ..\obj\stm32f0xx_spi.o
 .text.SPI_TIModeCmd
                0x00000000       0x18 ..\obj\stm32f0xx_spi.o
 .text.I2S_Cmd  0x00000000       0x20 ..\obj\stm32f0xx_spi.o
 .text.SPI_RxFIFOThresholdConfig
                0x00000000       0x14 ..\obj\stm32f0xx_spi.o
 .text.SPI_BiDirectionalLineConfig
                0x00000000       0x20 ..\obj\stm32f0xx_spi.o
 .text.SPI_NSSInternalSoftwareConfig
                0x00000000       0x24 ..\obj\stm32f0xx_spi.o
 .text.SPI_SSOutputCmd
                0x00000000       0x18 ..\obj\stm32f0xx_spi.o
 .text.SPI_NSSPulseModeCmd
                0x00000000       0x18 ..\obj\stm32f0xx_spi.o
 .text.SPI_ReceiveData8
                0x00000000        0x8 ..\obj\stm32f0xx_spi.o
 .text.SPI_I2S_ReceiveData16
                0x00000000        0x8 ..\obj\stm32f0xx_spi.o
 .text.SPI_CRCLengthConfig
                0x00000000       0x14 ..\obj\stm32f0xx_spi.o
 .text.SPI_CalculateCRC
                0x00000000       0x20 ..\obj\stm32f0xx_spi.o
 .text.SPI_TransmitCRC
                0x00000000        0xc ..\obj\stm32f0xx_spi.o
 .text.SPI_GetCRC
                0x00000000       0x10 ..\obj\stm32f0xx_spi.o
 .text.SPI_GetCRCPolynomial
                0x00000000        0x8 ..\obj\stm32f0xx_spi.o
 .text.SPI_I2S_DMACmd
                0x00000000       0x14 ..\obj\stm32f0xx_spi.o
 .text.SPI_LastDMATransferCmd
                0x00000000       0x14 ..\obj\stm32f0xx_spi.o
 .text.SPI_I2S_ITConfig
                0x00000000       0x1c ..\obj\stm32f0xx_spi.o
 .text.SPI_GetTransmissionFIFOStatus
                0x00000000        0xc ..\obj\stm32f0xx_spi.o
 .text.SPI_GetReceptionFIFOStatus
                0x00000000        0xc ..\obj\stm32f0xx_spi.o
 .text.SPI_I2S_ClearFlag
                0x00000000        0x8 ..\obj\stm32f0xx_spi.o
 .text.SPI_I2S_GetITStatus
                0x00000000       0x2c ..\obj\stm32f0xx_spi.o
 .text          0x00000000        0x0 ..\obj\stm32f0xx_i2c.o
 .data          0x00000000        0x0 ..\obj\stm32f0xx_i2c.o
 .bss           0x00000000        0x0 ..\obj\stm32f0xx_i2c.o
 .text.I2C_DeInit
                0x00000000       0x38 ..\obj\stm32f0xx_i2c.o
 .text.I2C_Init
                0x00000000       0x64 ..\obj\stm32f0xx_i2c.o
 .text.I2C_StructInit
                0x00000000       0x18 ..\obj\stm32f0xx_i2c.o
 .text.I2C_Cmd  0x00000000       0x18 ..\obj\stm32f0xx_i2c.o
 .text.I2C_SoftwareResetCmd
                0x00000000       0x14 ..\obj\stm32f0xx_i2c.o
 .text.I2C_ITConfig
                0x00000000       0x14 ..\obj\stm32f0xx_i2c.o
 .text.I2C_StretchClockCmd
                0x00000000       0x20 ..\obj\stm32f0xx_i2c.o
 .text.I2C_StopModeCmd
                0x00000000       0x20 ..\obj\stm32f0xx_i2c.o
 .text.I2C_DualAddressCmd
                0x00000000       0x20 ..\obj\stm32f0xx_i2c.o
 .text.I2C_OwnAddress2Config
                0x00000000       0x24 ..\obj\stm32f0xx_i2c.o
 .text.I2C_GeneralCallCmd
                0x00000000       0x20 ..\obj\stm32f0xx_i2c.o
 .text.I2C_SlaveByteControlCmd
                0x00000000       0x20 ..\obj\stm32f0xx_i2c.o
 .text.I2C_SlaveAddressConfig
                0x00000000       0x10 ..\obj\stm32f0xx_i2c.o
 .text.I2C_10BitAddressingModeCmd
                0x00000000       0x20 ..\obj\stm32f0xx_i2c.o
 .text.I2C_AutoEndCmd
                0x00000000       0x20 ..\obj\stm32f0xx_i2c.o
 .text.I2C_ReloadCmd
                0x00000000       0x20 ..\obj\stm32f0xx_i2c.o
 .text.I2C_NumberOfBytesConfig
                0x00000000       0x14 ..\obj\stm32f0xx_i2c.o
 .text.I2C_MasterRequestConfig
                0x00000000       0x20 ..\obj\stm32f0xx_i2c.o
 .text.I2C_GenerateSTART
                0x00000000       0x20 ..\obj\stm32f0xx_i2c.o
 .text.I2C_GenerateSTOP
                0x00000000       0x20 ..\obj\stm32f0xx_i2c.o
 .text.I2C_10BitAddressHeaderCmd
                0x00000000       0x20 ..\obj\stm32f0xx_i2c.o
 .text.I2C_AcknowledgeConfig
                0x00000000       0x20 ..\obj\stm32f0xx_i2c.o
 .text.I2C_GetAddressMatched
                0x00000000        0xc ..\obj\stm32f0xx_i2c.o
 .text.I2C_GetTransferDirection
                0x00000000        0xc ..\obj\stm32f0xx_i2c.o
 .text.I2C_TransferHandling
                0x00000000       0x20 ..\obj\stm32f0xx_i2c.o
 .text.I2C_SMBusAlertCmd
                0x00000000       0x20 ..\obj\stm32f0xx_i2c.o
 .text.I2C_ClockTimeoutCmd
                0x00000000       0x20 ..\obj\stm32f0xx_i2c.o
 .text.I2C_ExtendedClockTimeoutCmd
                0x00000000       0x18 ..\obj\stm32f0xx_i2c.o
 .text.I2C_IdleClockTimeoutCmd
                0x00000000       0x20 ..\obj\stm32f0xx_i2c.o
 .text.I2C_TimeoutAConfig
                0x00000000       0x10 ..\obj\stm32f0xx_i2c.o
 .text.I2C_TimeoutBConfig
                0x00000000       0x1c ..\obj\stm32f0xx_i2c.o
 .text.I2C_CalculatePEC
                0x00000000       0x20 ..\obj\stm32f0xx_i2c.o
 .text.I2C_PECRequestCmd
                0x00000000       0x20 ..\obj\stm32f0xx_i2c.o
 .text.I2C_GetPEC
                0x00000000        0x8 ..\obj\stm32f0xx_i2c.o
 .text.I2C_ReadRegister
                0x00000000       0x18 ..\obj\stm32f0xx_i2c.o
 .text.I2C_SendData
                0x00000000        0x4 ..\obj\stm32f0xx_i2c.o
 .text.I2C_ReceiveData
                0x00000000        0x8 ..\obj\stm32f0xx_i2c.o
 .text.I2C_DMACmd
                0x00000000       0x14 ..\obj\stm32f0xx_i2c.o
 .text.I2C_GetFlagStatus
                0x00000000        0xc ..\obj\stm32f0xx_i2c.o
 .text.I2C_ClearFlag
                0x00000000        0x4 ..\obj\stm32f0xx_i2c.o
 .text.I2C_GetITStatus
                0x00000000       0x34 ..\obj\stm32f0xx_i2c.o
 .text.I2C_ClearITPendingBit
                0x00000000        0x4 ..\obj\stm32f0xx_i2c.o
 .debug_info    0x00000000      0xc14 ..\obj\stm32f0xx_i2c.o
 .debug_abbrev  0x00000000      0x1ad ..\obj\stm32f0xx_i2c.o
 .debug_loc     0x00000000      0x620 ..\obj\stm32f0xx_i2c.o
 .debug_aranges
                0x00000000      0x168 ..\obj\stm32f0xx_i2c.o
 .debug_ranges  0x00000000      0x158 ..\obj\stm32f0xx_i2c.o
 .debug_line    0x00000000      0x5cd ..\obj\stm32f0xx_i2c.o
 .debug_str     0x00000000      0x64d ..\obj\stm32f0xx_i2c.o
 .comment       0x00000000       0x71 ..\obj\stm32f0xx_i2c.o
 .debug_frame   0x00000000      0x2d8 ..\obj\stm32f0xx_i2c.o
 .ARM.attributes
                0x00000000       0x31 ..\obj\stm32f0xx_i2c.o
 .text          0x00000000        0x0 ..\obj\system_stm32f0xx_temp.o
 .bss           0x00000000        0x0 ..\obj\system_stm32f0xx_temp.o
 .text.SystemCoreClockUpdate1
                0x00000000       0x60 ..\obj\system_stm32f0xx_temp.o
 .text          0x00000000        0x0 ..\obj\stm32f0xx_gpio.o
 .data          0x00000000        0x0 ..\obj\stm32f0xx_gpio.o
 .bss           0x00000000        0x0 ..\obj\stm32f0xx_gpio.o
 .text.GPIO_DeInit
                0x00000000       0xa4 ..\obj\stm32f0xx_gpio.o
 .text.GPIO_StructInit
                0x00000000       0x18 ..\obj\stm32f0xx_gpio.o
 .text.GPIO_PinLockConfig
                0x00000000       0x24 ..\obj\stm32f0xx_gpio.o
 .text.GPIO_ReadInputData
                0x00000000        0x8 ..\obj\stm32f0xx_gpio.o
 .text.GPIO_ReadOutputDataBit
                0x00000000        0xc ..\obj\stm32f0xx_gpio.o
 .text.GPIO_ReadOutputData
                0x00000000        0x8 ..\obj\stm32f0xx_gpio.o
 .text.GPIO_Write
                0x00000000        0x4 ..\obj\stm32f0xx_gpio.o
 .text          0x00000000        0x0 ..\obj\stm32f0xx_exti.o
 .data          0x00000000        0x0 ..\obj\stm32f0xx_exti.o
 .bss           0x00000000        0x0 ..\obj\stm32f0xx_exti.o
 .text.EXTI_DeInit
                0x00000000       0x20 ..\obj\stm32f0xx_exti.o
 .text.EXTI_StructInit
                0x00000000       0x10 ..\obj\stm32f0xx_exti.o
 .text.EXTI_GenerateSWInterrupt
                0x00000000       0x10 ..\obj\stm32f0xx_exti.o
 .text.EXTI_GetFlagStatus
                0x00000000       0x14 ..\obj\stm32f0xx_exti.o
 .text.EXTI_ClearFlag
                0x00000000        0xc ..\obj\stm32f0xx_exti.o
 .text          0x00000000        0x0 ..\obj\Fonts.o
 .data          0x00000000        0x0 ..\obj\Fonts.o
 .bss           0x00000000        0x0 ..\obj\Fonts.o
 .rodata        0x00000000      0x3ef ..\obj\Fonts.o
 .debug_info    0x00000000       0xcb ..\obj\Fonts.o
 .debug_abbrev  0x00000000       0x5b ..\obj\Fonts.o
 .debug_aranges
                0x00000000       0x18 ..\obj\Fonts.o
 .debug_line    0x00000000      0x113 ..\obj\Fonts.o
 .debug_str     0x00000000      0x152 ..\obj\Fonts.o
 .comment       0x00000000       0x71 ..\obj\Fonts.o
 .ARM.attributes
                0x00000000       0x31 ..\obj\Fonts.o
 .text          0x00000000        0x0 ..\obj\stm32f0xx_syscfg.o
 .data          0x00000000        0x0 ..\obj\stm32f0xx_syscfg.o
 .bss           0x00000000        0x0 ..\obj\stm32f0xx_syscfg.o
 .text.SYSCFG_DeInit
                0x00000000       0x24 ..\obj\stm32f0xx_syscfg.o
 .text.SYSCFG_MemoryRemapConfig
                0x00000000       0x14 ..\obj\stm32f0xx_syscfg.o
 .text.SYSCFG_DMAChannelRemapConfig
                0x00000000       0x18 ..\obj\stm32f0xx_syscfg.o
 .text.SYSCFG_I2CFastModePlusConfig
                0x00000000       0x18 ..\obj\stm32f0xx_syscfg.o
 .text.SYSCFG_BreakConfig
                0x00000000       0x10 ..\obj\stm32f0xx_syscfg.o
 .text.SYSCFG_GetFlagStatus
                0x00000000       0x10 ..\obj\stm32f0xx_syscfg.o
 .text.SYSCFG_ClearFlag
                0x00000000       0x10 ..\obj\stm32f0xx_syscfg.o
 .text          0x00000000        0x0 ..\obj\stm32f0xx_misc.o
 .data          0x00000000        0x0 ..\obj\stm32f0xx_misc.o
 .bss           0x00000000        0x0 ..\obj\stm32f0xx_misc.o
 .text.NVIC_SystemLPConfig
                0x00000000       0x18 ..\obj\stm32f0xx_misc.o
 .text.SysTick_CLKSourceConfig
                0x00000000       0x20 ..\obj\stm32f0xx_misc.o
 .data          0x00000000        0x0 c:/program files (x86)/gnu tools arm embedded/4.9 2015q2/bin/../lib/gcc/arm-none-eabi/4.9.3/armv6-m\libgcc.a(_udivsi3.o)
 .bss           0x00000000        0x0 c:/program files (x86)/gnu tools arm embedded/4.9 2015q2/bin/../lib/gcc/arm-none-eabi/4.9.3/armv6-m\libgcc.a(_udivsi3.o)
 .text          0x00000000      0x1e0 c:/program files (x86)/gnu tools arm embedded/4.9 2015q2/bin/../lib/gcc/arm-none-eabi/4.9.3/armv6-m\libgcc.a(_divsi3.o)
 .data          0x00000000        0x0 c:/program files (x86)/gnu tools arm embedded/4.9 2015q2/bin/../lib/gcc/arm-none-eabi/4.9.3/armv6-m\libgcc.a(_divsi3.o)
 .bss           0x00000000        0x0 c:/program files (x86)/gnu tools arm embedded/4.9 2015q2/bin/../lib/gcc/arm-none-eabi/4.9.3/armv6-m\libgcc.a(_divsi3.o)
 .debug_frame   0x00000000       0x20 c:/program files (x86)/gnu tools arm embedded/4.9 2015q2/bin/../lib/gcc/arm-none-eabi/4.9.3/armv6-m\libgcc.a(_divsi3.o)
 .ARM.attributes
                0x00000000       0x1e c:/program files (x86)/gnu tools arm embedded/4.9 2015q2/bin/../lib/gcc/arm-none-eabi/4.9.3/armv6-m\libgcc.a(_divsi3.o)
 .data          0x00000000        0x0 c:/program files (x86)/gnu tools arm embedded/4.9 2015q2/bin/../lib/gcc/arm-none-eabi/4.9.3/armv6-m\libgcc.a(_dvmd_tls.o)
 .bss           0x00000000        0x0 c:/program files (x86)/gnu tools arm embedded/4.9 2015q2/bin/../lib/gcc/arm-none-eabi/4.9.3/armv6-m\libgcc.a(_dvmd_tls.o)
 .text          0x00000000       0x7c c:/program files (x86)/gnu tools arm embedded/4.9 2015q2/bin/../lib/gcc/arm-none-eabi/4.9.3/armv6-m\libgcc.a(_arm_cmpdf2.o)
 .data          0x00000000        0x0 c:/program files (x86)/gnu tools arm embedded/4.9 2015q2/bin/../lib/gcc/arm-none-eabi/4.9.3/armv6-m\libgcc.a(_arm_cmpdf2.o)
 .bss           0x00000000        0x0 c:/program files (x86)/gnu tools arm embedded/4.9 2015q2/bin/../lib/gcc/arm-none-eabi/4.9.3/armv6-m\libgcc.a(_arm_cmpdf2.o)
 .ARM.attributes
                0x00000000       0x1e c:/program files (x86)/gnu tools arm embedded/4.9 2015q2/bin/../lib/gcc/arm-none-eabi/4.9.3/armv6-m\libgcc.a(_arm_cmpdf2.o)
 .text          0x00000000       0x74 c:/program files (x86)/gnu tools arm embedded/4.9 2015q2/bin/../lib/gcc/arm-none-eabi/4.9.3/armv6-m\libgcc.a(_arm_cmpsf2.o)
 .data          0x00000000        0x0 c:/program files (x86)/gnu tools arm embedded/4.9 2015q2/bin/../lib/gcc/arm-none-eabi/4.9.3/armv6-m\libgcc.a(_arm_cmpsf2.o)
 .bss           0x00000000        0x0 c:/program files (x86)/gnu tools arm embedded/4.9 2015q2/bin/../lib/gcc/arm-none-eabi/4.9.3/armv6-m\libgcc.a(_arm_cmpsf2.o)
 .ARM.attributes
                0x00000000       0x1e c:/program files (x86)/gnu tools arm embedded/4.9 2015q2/bin/../lib/gcc/arm-none-eabi/4.9.3/armv6-m\libgcc.a(_arm_cmpsf2.o)
 .text          0x00000000       0x30 c:/program files (x86)/gnu tools arm embedded/4.9 2015q2/bin/../lib/gcc/arm-none-eabi/4.9.3/armv6-m\libgcc.a(_fixunssfsi.o)
 .data          0x00000000        0x0 c:/program files (x86)/gnu tools arm embedded/4.9 2015q2/bin/../lib/gcc/arm-none-eabi/4.9.3/armv6-m\libgcc.a(_fixunssfsi.o)
 .bss           0x00000000        0x0 c:/program files (x86)/gnu tools arm embedded/4.9 2015q2/bin/../lib/gcc/arm-none-eabi/4.9.3/armv6-m\libgcc.a(_fixunssfsi.o)
 .debug_frame   0x00000000       0x28 c:/program files (x86)/gnu tools arm embedded/4.9 2015q2/bin/../lib/gcc/arm-none-eabi/4.9.3/armv6-m\libgcc.a(_fixunssfsi.o)
 .ARM.attributes
                0x00000000       0x2c c:/program files (x86)/gnu tools arm embedded/4.9 2015q2/bin/../lib/gcc/arm-none-eabi/4.9.3/armv6-m\libgcc.a(_fixunssfsi.o)
 .text          0x00000000      0x2f8 c:/program files (x86)/gnu tools arm embedded/4.9 2015q2/bin/../lib/gcc/arm-none-eabi/4.9.3/armv6-m\libgcc.a(addsf3.o)
 .data          0x00000000        0x0 c:/program files (x86)/gnu tools arm embedded/4.9 2015q2/bin/../lib/gcc/arm-none-eabi/4.9.3/armv6-m\libgcc.a(addsf3.o)
 .bss           0x00000000        0x0 c:/program files (x86)/gnu tools arm embedded/4.9 2015q2/bin/../lib/gcc/arm-none-eabi/4.9.3/armv6-m\libgcc.a(addsf3.o)
 .debug_frame   0x00000000       0x30 c:/program files (x86)/gnu tools arm embedded/4.9 2015q2/bin/../lib/gcc/arm-none-eabi/4.9.3/armv6-m\libgcc.a(addsf3.o)
 .ARM.attributes
                0x00000000       0x2c c:/program files (x86)/gnu tools arm embedded/4.9 2015q2/bin/../lib/gcc/arm-none-eabi/4.9.3/armv6-m\libgcc.a(addsf3.o)
 .data          0x00000000        0x0 c:/program files (x86)/gnu tools arm embedded/4.9 2015q2/bin/../lib/gcc/arm-none-eabi/4.9.3/armv6-m\libgcc.a(divsf3.o)
 .bss           0x00000000        0x0 c:/program files (x86)/gnu tools arm embedded/4.9 2015q2/bin/../lib/gcc/arm-none-eabi/4.9.3/armv6-m\libgcc.a(divsf3.o)
 .text          0x00000000       0x54 c:/program files (x86)/gnu tools arm embedded/4.9 2015q2/bin/../lib/gcc/arm-none-eabi/4.9.3/armv6-m\libgcc.a(eqsf2.o)
 .data          0x00000000        0x0 c:/program files (x86)/gnu tools arm embedded/4.9 2015q2/bin/../lib/gcc/arm-none-eabi/4.9.3/armv6-m\libgcc.a(eqsf2.o)
 .bss           0x00000000        0x0 c:/program files (x86)/gnu tools arm embedded/4.9 2015q2/bin/../lib/gcc/arm-none-eabi/4.9.3/armv6-m\libgcc.a(eqsf2.o)
 .debug_frame   0x00000000       0x2c c:/program files (x86)/gnu tools arm embedded/4.9 2015q2/bin/../lib/gcc/arm-none-eabi/4.9.3/armv6-m\libgcc.a(eqsf2.o)
 .ARM.attributes
                0x00000000       0x2c c:/program files (x86)/gnu tools arm embedded/4.9 2015q2/bin/../lib/gcc/arm-none-eabi/4.9.3/armv6-m\libgcc.a(eqsf2.o)
 .text          0x00000000       0x94 c:/program files (x86)/gnu tools arm embedded/4.9 2015q2/bin/../lib/gcc/arm-none-eabi/4.9.3/armv6-m\libgcc.a(gesf2.o)
 .data          0x00000000        0x0 c:/program files (x86)/gnu tools arm embedded/4.9 2015q2/bin/../lib/gcc/arm-none-eabi/4.9.3/armv6-m\libgcc.a(gesf2.o)
 .bss           0x00000000        0x0 c:/program files (x86)/gnu tools arm embedded/4.9 2015q2/bin/../lib/gcc/arm-none-eabi/4.9.3/armv6-m\libgcc.a(gesf2.o)
 .debug_frame   0x00000000       0x30 c:/program files (x86)/gnu tools arm embedded/4.9 2015q2/bin/../lib/gcc/arm-none-eabi/4.9.3/armv6-m\libgcc.a(gesf2.o)
 .ARM.attributes
                0x00000000       0x2c c:/program files (x86)/gnu tools arm embedded/4.9 2015q2/bin/../lib/gcc/arm-none-eabi/4.9.3/armv6-m\libgcc.a(gesf2.o)
 .text          0x00000000       0x8c c:/program files (x86)/gnu tools arm embedded/4.9 2015q2/bin/../lib/gcc/arm-none-eabi/4.9.3/armv6-m\libgcc.a(lesf2.o)
 .data          0x00000000        0x0 c:/program files (x86)/gnu tools arm embedded/4.9 2015q2/bin/../lib/gcc/arm-none-eabi/4.9.3/armv6-m\libgcc.a(lesf2.o)
 .bss           0x00000000        0x0 c:/program files (x86)/gnu tools arm embedded/4.9 2015q2/bin/../lib/gcc/arm-none-eabi/4.9.3/armv6-m\libgcc.a(lesf2.o)
 .debug_frame   0x00000000       0x30 c:/program files (x86)/gnu tools arm embedded/4.9 2015q2/bin/../lib/gcc/arm-none-eabi/4.9.3/armv6-m\libgcc.a(lesf2.o)
 .ARM.attributes
                0x00000000       0x2c c:/program files (x86)/gnu tools arm embedded/4.9 2015q2/bin/../lib/gcc/arm-none-eabi/4.9.3/armv6-m\libgcc.a(lesf2.o)
 .data          0x00000000        0x0 c:/program files (x86)/gnu tools arm embedded/4.9 2015q2/bin/../lib/gcc/arm-none-eabi/4.9.3/armv6-m\libgcc.a(mulsf3.o)
 .bss           0x00000000        0x0 c:/program files (x86)/gnu tools arm embedded/4.9 2015q2/bin/../lib/gcc/arm-none-eabi/4.9.3/armv6-m\libgcc.a(mulsf3.o)
 .text          0x00000000      0x2fc c:/program files (x86)/gnu tools arm embedded/4.9 2015q2/bin/../lib/gcc/arm-none-eabi/4.9.3/armv6-m\libgcc.a(subsf3.o)
 .data          0x00000000        0x0 c:/program files (x86)/gnu tools arm embedded/4.9 2015q2/bin/../lib/gcc/arm-none-eabi/4.9.3/armv6-m\libgcc.a(subsf3.o)
 .bss           0x00000000        0x0 c:/program files (x86)/gnu tools arm embedded/4.9 2015q2/bin/../lib/gcc/arm-none-eabi/4.9.3/armv6-m\libgcc.a(subsf3.o)
 .debug_frame   0x00000000       0x30 c:/program files (x86)/gnu tools arm embedded/4.9 2015q2/bin/../lib/gcc/arm-none-eabi/4.9.3/armv6-m\libgcc.a(subsf3.o)
 .ARM.attributes
                0x00000000       0x2c c:/program files (x86)/gnu tools arm embedded/4.9 2015q2/bin/../lib/gcc/arm-none-eabi/4.9.3/armv6-m\libgcc.a(subsf3.o)
 .data          0x00000000        0x0 c:/program files (x86)/gnu tools arm embedded/4.9 2015q2/bin/../lib/gcc/arm-none-eabi/4.9.3/armv6-m\libgcc.a(fixsfsi.o)
 .bss           0x00000000        0x0 c:/program files (x86)/gnu tools arm embedded/4.9 2015q2/bin/../lib/gcc/arm-none-eabi/4.9.3/armv6-m\libgcc.a(fixsfsi.o)
 .data          0x00000000        0x0 c:/program files (x86)/gnu tools arm embedded/4.9 2015q2/bin/../lib/gcc/arm-none-eabi/4.9.3/armv6-m\libgcc.a(floatsisf.o)
 .bss           0x00000000        0x0 c:/program files (x86)/gnu tools arm embedded/4.9 2015q2/bin/../lib/gcc/arm-none-eabi/4.9.3/armv6-m\libgcc.a(floatsisf.o)
 .text          0x00000000       0x90 c:/program files (x86)/gnu tools arm embedded/4.9 2015q2/bin/../lib/gcc/arm-none-eabi/4.9.3/armv6-m\libgcc.a(floatunsisf.o)
 .data          0x00000000        0x0 c:/program files (x86)/gnu tools arm embedded/4.9 2015q2/bin/../lib/gcc/arm-none-eabi/4.9.3/armv6-m\libgcc.a(floatunsisf.o)
 .bss           0x00000000        0x0 c:/program files (x86)/gnu tools arm embedded/4.9 2015q2/bin/../lib/gcc/arm-none-eabi/4.9.3/armv6-m\libgcc.a(floatunsisf.o)
 .debug_frame   0x00000000       0x28 c:/program files (x86)/gnu tools arm embedded/4.9 2015q2/bin/../lib/gcc/arm-none-eabi/4.9.3/armv6-m\libgcc.a(floatunsisf.o)
 .ARM.attributes
                0x00000000       0x2c c:/program files (x86)/gnu tools arm embedded/4.9 2015q2/bin/../lib/gcc/arm-none-eabi/4.9.3/armv6-m\libgcc.a(floatunsisf.o)
 .text          0x00000000      0x650 c:/program files (x86)/gnu tools arm embedded/4.9 2015q2/bin/../lib/gcc/arm-none-eabi/4.9.3/armv6-m\libgcc.a(adddf3.o)
 .data          0x00000000        0x0 c:/program files (x86)/gnu tools arm embedded/4.9 2015q2/bin/../lib/gcc/arm-none-eabi/4.9.3/armv6-m\libgcc.a(adddf3.o)
 .bss           0x00000000        0x0 c:/program files (x86)/gnu tools arm embedded/4.9 2015q2/bin/../lib/gcc/arm-none-eabi/4.9.3/armv6-m\libgcc.a(adddf3.o)
 .debug_frame   0x00000000       0x38 c:/program files (x86)/gnu tools arm embedded/4.9 2015q2/bin/../lib/gcc/arm-none-eabi/4.9.3/armv6-m\libgcc.a(adddf3.o)
 .ARM.attributes
                0x00000000       0x2c c:/program files (x86)/gnu tools arm embedded/4.9 2015q2/bin/../lib/gcc/arm-none-eabi/4.9.3/armv6-m\libgcc.a(adddf3.o)
 .text          0x00000000      0x648 c:/program files (x86)/gnu tools arm embedded/4.9 2015q2/bin/../lib/gcc/arm-none-eabi/4.9.3/armv6-m\libgcc.a(divdf3.o)
 .data          0x00000000        0x0 c:/program files (x86)/gnu tools arm embedded/4.9 2015q2/bin/../lib/gcc/arm-none-eabi/4.9.3/armv6-m\libgcc.a(divdf3.o)
 .bss           0x00000000        0x0 c:/program files (x86)/gnu tools arm embedded/4.9 2015q2/bin/../lib/gcc/arm-none-eabi/4.9.3/armv6-m\libgcc.a(divdf3.o)
 .rodata        0x00000000       0x40 c:/program files (x86)/gnu tools arm embedded/4.9 2015q2/bin/../lib/gcc/arm-none-eabi/4.9.3/armv6-m\libgcc.a(divdf3.o)
 .debug_frame   0x00000000       0x3c c:/program files (x86)/gnu tools arm embedded/4.9 2015q2/bin/../lib/gcc/arm-none-eabi/4.9.3/armv6-m\libgcc.a(divdf3.o)
 .ARM.attributes
                0x00000000       0x2c c:/program files (x86)/gnu tools arm embedded/4.9 2015q2/bin/../lib/gcc/arm-none-eabi/4.9.3/armv6-m\libgcc.a(divdf3.o)
 .text          0x00000000       0x88 c:/program files (x86)/gnu tools arm embedded/4.9 2015q2/bin/../lib/gcc/arm-none-eabi/4.9.3/armv6-m\libgcc.a(eqdf2.o)
 .data          0x00000000        0x0 c:/program files (x86)/gnu tools arm embedded/4.9 2015q2/bin/../lib/gcc/arm-none-eabi/4.9.3/armv6-m\libgcc.a(eqdf2.o)
 .bss           0x00000000        0x0 c:/program files (x86)/gnu tools arm embedded/4.9 2015q2/bin/../lib/gcc/arm-none-eabi/4.9.3/armv6-m\libgcc.a(eqdf2.o)
 .debug_frame   0x00000000       0x38 c:/program files (x86)/gnu tools arm embedded/4.9 2015q2/bin/../lib/gcc/arm-none-eabi/4.9.3/armv6-m\libgcc.a(eqdf2.o)
 .ARM.attributes
                0x00000000       0x2c c:/program files (x86)/gnu tools arm embedded/4.9 2015q2/bin/../lib/gcc/arm-none-eabi/4.9.3/armv6-m\libgcc.a(eqdf2.o)
 .text          0x00000000       0xe0 c:/program files (x86)/gnu tools arm embedded/4.9 2015q2/bin/../lib/gcc/arm-none-eabi/4.9.3/armv6-m\libgcc.a(gedf2.o)
 .data          0x00000000        0x0 c:/program files (x86)/gnu tools arm embedded/4.9 2015q2/bin/../lib/gcc/arm-none-eabi/4.9.3/armv6-m\libgcc.a(gedf2.o)
 .bss           0x00000000        0x0 c:/program files (x86)/gnu tools arm embedded/4.9 2015q2/bin/../lib/gcc/arm-none-eabi/4.9.3/armv6-m\libgcc.a(gedf2.o)
 .debug_frame   0x00000000       0x38 c:/program files (x86)/gnu tools arm embedded/4.9 2015q2/bin/../lib/gcc/arm-none-eabi/4.9.3/armv6-m\libgcc.a(gedf2.o)
 .ARM.attributes
                0x00000000       0x2c c:/program files (x86)/gnu tools arm embedded/4.9 2015q2/bin/../lib/gcc/arm-none-eabi/4.9.3/armv6-m\libgcc.a(gedf2.o)
 .text          0x00000000       0xcc c:/program files (x86)/gnu tools arm embedded/4.9 2015q2/bin/../lib/gcc/arm-none-eabi/4.9.3/armv6-m\libgcc.a(ledf2.o)
 .data          0x00000000        0x0 c:/program files (x86)/gnu tools arm embedded/4.9 2015q2/bin/../lib/gcc/arm-none-eabi/4.9.3/armv6-m\libgcc.a(ledf2.o)
 .bss           0x00000000        0x0 c:/program files (x86)/gnu tools arm embedded/4.9 2015q2/bin/../lib/gcc/arm-none-eabi/4.9.3/armv6-m\libgcc.a(ledf2.o)
 .debug_frame   0x00000000       0x38 c:/program files (x86)/gnu tools arm embedded/4.9 2015q2/bin/../lib/gcc/arm-none-eabi/4.9.3/armv6-m\libgcc.a(ledf2.o)
 .ARM.attributes
                0x00000000       0x2c c:/program files (x86)/gnu tools arm embedded/4.9 2015q2/bin/../lib/gcc/arm-none-eabi/4.9.3/armv6-m\libgcc.a(ledf2.o)
 .text          0x00000000      0x534 c:/program files (x86)/gnu tools arm embedded/4.9 2015q2/bin/../lib/gcc/arm-none-eabi/4.9.3/armv6-m\libgcc.a(muldf3.o)
 .data          0x00000000        0x0 c:/program files (x86)/gnu tools arm embedded/4.9 2015q2/bin/../lib/gcc/arm-none-eabi/4.9.3/armv6-m\libgcc.a(muldf3.o)
 .bss           0x00000000        0x0 c:/program files (x86)/gnu tools arm embedded/4.9 2015q2/bin/../lib/gcc/arm-none-eabi/4.9.3/armv6-m\libgcc.a(muldf3.o)
 .rodata        0x00000000       0x40 c:/program files (x86)/gnu tools arm embedded/4.9 2015q2/bin/../lib/gcc/arm-none-eabi/4.9.3/armv6-m\libgcc.a(muldf3.o)
 .debug_frame   0x00000000       0x3c c:/program files (x86)/gnu tools arm embedded/4.9 2015q2/bin/../lib/gcc/arm-none-eabi/4.9.3/armv6-m\libgcc.a(muldf3.o)
 .ARM.attributes
                0x00000000       0x2c c:/program files (x86)/gnu tools arm embedded/4.9 2015q2/bin/../lib/gcc/arm-none-eabi/4.9.3/armv6-m\libgcc.a(muldf3.o)
 .text          0x00000000      0x6f4 c:/program files (x86)/gnu tools arm embedded/4.9 2015q2/bin/../lib/gcc/arm-none-eabi/4.9.3/armv6-m\libgcc.a(subdf3.o)
 .data          0x00000000        0x0 c:/program files (x86)/gnu tools arm embedded/4.9 2015q2/bin/../lib/gcc/arm-none-eabi/4.9.3/armv6-m\libgcc.a(subdf3.o)
 .bss           0x00000000        0x0 c:/program files (x86)/gnu tools arm embedded/4.9 2015q2/bin/../lib/gcc/arm-none-eabi/4.9.3/armv6-m\libgcc.a(subdf3.o)
 .debug_frame   0x00000000       0x3c c:/program files (x86)/gnu tools arm embedded/4.9 2015q2/bin/../lib/gcc/arm-none-eabi/4.9.3/armv6-m\libgcc.a(subdf3.o)
 .ARM.attributes
                0x00000000       0x2c c:/program files (x86)/gnu tools arm embedded/4.9 2015q2/bin/../lib/gcc/arm-none-eabi/4.9.3/armv6-m\libgcc.a(subdf3.o)
 .text          0x00000000       0xa8 c:/program files (x86)/gnu tools arm embedded/4.9 2015q2/bin/../lib/gcc/arm-none-eabi/4.9.3/armv6-m\libgcc.a(extendsfdf2.o)
 .data          0x00000000        0x0 c:/program files (x86)/gnu tools arm embedded/4.9 2015q2/bin/../lib/gcc/arm-none-eabi/4.9.3/armv6-m\libgcc.a(extendsfdf2.o)
 .bss           0x00000000        0x0 c:/program files (x86)/gnu tools arm embedded/4.9 2015q2/bin/../lib/gcc/arm-none-eabi/4.9.3/armv6-m\libgcc.a(extendsfdf2.o)
 .debug_frame   0x00000000       0x2c c:/program files (x86)/gnu tools arm embedded/4.9 2015q2/bin/../lib/gcc/arm-none-eabi/4.9.3/armv6-m\libgcc.a(extendsfdf2.o)
 .ARM.attributes
                0x00000000       0x2c c:/program files (x86)/gnu tools arm embedded/4.9 2015q2/bin/../lib/gcc/arm-none-eabi/4.9.3/armv6-m\libgcc.a(extendsfdf2.o)
 .text          0x00000000      0x120 c:/program files (x86)/gnu tools arm embedded/4.9 2015q2/bin/../lib/gcc/arm-none-eabi/4.9.3/armv6-m\libgcc.a(truncdfsf2.o)
 .data          0x00000000        0x0 c:/program files (x86)/gnu tools arm embedded/4.9 2015q2/bin/../lib/gcc/arm-none-eabi/4.9.3/armv6-m\libgcc.a(truncdfsf2.o)
 .bss           0x00000000        0x0 c:/program files (x86)/gnu tools arm embedded/4.9 2015q2/bin/../lib/gcc/arm-none-eabi/4.9.3/armv6-m\libgcc.a(truncdfsf2.o)
 .debug_frame   0x00000000       0x2c c:/program files (x86)/gnu tools arm embedded/4.9 2015q2/bin/../lib/gcc/arm-none-eabi/4.9.3/armv6-m\libgcc.a(truncdfsf2.o)
 .ARM.attributes
                0x00000000       0x2c c:/program files (x86)/gnu tools arm embedded/4.9 2015q2/bin/../lib/gcc/arm-none-eabi/4.9.3/armv6-m\libgcc.a(truncdfsf2.o)
 .data          0x00000000        0x0 c:/program files (x86)/gnu tools arm embedded/4.9 2015q2/bin/../lib/gcc/arm-none-eabi/4.9.3/armv6-m\libgcc.a(_clzsi2.o)
 .bss           0x00000000        0x0 c:/program files (x86)/gnu tools arm embedded/4.9 2015q2/bin/../lib/gcc/arm-none-eabi/4.9.3/armv6-m\libgcc.a(_clzsi2.o)
 .text          0x00000000        0x0 c:/program files (x86)/gnu tools arm embedded/4.9 2015q2/bin/../lib/gcc/arm-none-eabi/4.9.3/../../../../arm-none-eabi/lib/armv6-m\libg.a(lib_a-memset.o)
 .data          0x00000000        0x0 c:/program files (x86)/gnu tools arm embedded/4.9 2015q2/bin/../lib/gcc/arm-none-eabi/4.9.3/../../../../arm-none-eabi/lib/armv6-m\libg.a(lib_a-memset.o)
 .bss           0x00000000        0x0 c:/program files (x86)/gnu tools arm embedded/4.9 2015q2/bin/../lib/gcc/arm-none-eabi/4.9.3/../../../../arm-none-eabi/lib/armv6-m\libg.a(lib_a-memset.o)
 .text.memset   0x00000000       0x8c c:/program files (x86)/gnu tools arm embedded/4.9 2015q2/bin/../lib/gcc/arm-none-eabi/4.9.3/../../../../arm-none-eabi/lib/armv6-m\libg.a(lib_a-memset.o)
 .debug_frame   0x00000000       0x2c c:/program files (x86)/gnu tools arm embedded/4.9 2015q2/bin/../lib/gcc/arm-none-eabi/4.9.3/../../../../arm-none-eabi/lib/armv6-m\libg.a(lib_a-memset.o)
 .ARM.attributes
                0x00000000       0x2c c:/program files (x86)/gnu tools arm embedded/4.9 2015q2/bin/../lib/gcc/arm-none-eabi/4.9.3/../../../../arm-none-eabi/lib/armv6-m\libg.a(lib_a-memset.o)

Memory Configuration

Name             Origin             Length             Attributes
rom              0x08000000         0x00010000         xr
ram              0x20000000         0x00002000         xrw
*default*        0x00000000         0xffffffff

Linker script and memory map

                0x20002000                _eram = 0x20002000

.text           0x08000000     0x2764
 *(.isr_vector)
 .isr_vector    0x08000000       0xc4 ..\obj\startup_stm32f0xx.o
                0x08000000                g_pfnVectors
 *(.text*)
 .text.RCC_PLLConfig
                0x080000c4       0x20 ..\obj\stm32f0xx_rcc.o
                0x080000c4                RCC_PLLConfig
 .text.RCC_PLLCmd
                0x080000e4       0x24 ..\obj\stm32f0xx_rcc.o
                0x080000e4                RCC_PLLCmd
 .text.RCC_SYSCLKConfig
                0x08000108       0x14 ..\obj\stm32f0xx_rcc.o
                0x08000108                RCC_SYSCLKConfig
 .text.RCC_AHBPeriphClockCmd
                0x0800011c       0x18 ..\obj\stm32f0xx_rcc.o
                0x0800011c                RCC_AHBPeriphClockCmd
 .text.RCC_APB2PeriphClockCmd
                0x08000134       0x18 ..\obj\stm32f0xx_rcc.o
                0x08000134                RCC_APB2PeriphClockCmd
 .text.RCC_GetFlagStatus
                0x0800014c       0x34 ..\obj\stm32f0xx_rcc.o
                0x0800014c                RCC_GetFlagStatus
 .text.Delay    0x08000180       0x28 ..\obj\ILI9163.o
                0x08000180                Delay
 .text.SetAddr  0x080001a8      0x2bc ..\obj\ILI9163.o
                0x080001a8                SetAddr
 .text.SetScrn  0x08000464      0x338 ..\obj\ILI9163.o
                0x08000464                SetScrn
 .text.ILI9163Init
                0x0800079c      0x794 ..\obj\ILI9163.o
                0x0800079c                ILI9163Init
 .text.SysTick_Handler
                0x08000f30       0x10 ..\obj\main.o
                0x08000f30                SysTick_Handler
 .text.I_WB     0x08000f40       0xbc ..\obj\main.o
                0x08000f40                I_WB
 .text.C_Write  0x08000ffc      0x1ac ..\obj\main.o
                0x08000ffc                C_Write
 .text.C_Read   0x080011a8      0x31c ..\obj\main.o
                0x080011a8                C_Read
 .text.C_Init   0x080014c4      0x3c8 ..\obj\main.o
                0x080014c4                C_Init
 .text.EXTI0_1_IRQHandler
                0x0800188c       0x50 ..\obj\main.o
                0x0800188c                EXTI0_1_IRQHandler
 .text.startup.main
                0x080018dc      0x29c ..\obj\main.o
                0x080018dc                main
 .text.Reset_Handler
                0x08001b78       0x4c ..\obj\startup_stm32f0xx.o
                0x08001b78                Reset_Handler
 .text.Default_Handler
                0x08001bc4        0x2 ..\obj\startup_stm32f0xx.o
                0x08001bc4                TIM1_CC_IRQHandler
                0x08001bc4                HardFault_Handler
                0x08001bc4                ADC1_COMP_IRQHandler
                0x08001bc4                PVD_IRQHandler
                0x08001bc4                PendSV_Handler
                0x08001bc4                NMI_Handler
                0x08001bc4                I2C1_IRQHandler
                0x08001bc4                SPI1_IRQHandler
                0x08001bc4                TIM6_DAC_IRQHandler
                0x08001bc4                EXTI2_3_IRQHandler
                0x08001bc4                I2C2_IRQHandler
                0x08001bc4                TIM17_IRQHandler
                0x08001bc4                RTC_IRQHandler
                0x08001bc4                TIM16_IRQHandler
                0x08001bc4                TIM3_IRQHandler
                0x08001bc4                EXTI4_15_IRQHandler
                0x08001bc4                RCC_IRQHandler
                0x08001bc4                DMA1_Channel1_IRQHandler
                0x08001bc4                Default_Handler
                0x08001bc4                CEC_IRQHandler
                0x08001bc4                TIM14_IRQHandler
                0x08001bc4                DMA1_Channel4_5_IRQHandler
                0x08001bc4                TIM15_IRQHandler
                0x08001bc4                SPI2_IRQHandler
                0x08001bc4                SVC_Handler
                0x08001bc4                TS_IRQHandler
                0x08001bc4                WWDG_IRQHandler
                0x08001bc4                TIM2_IRQHandler
                0x08001bc4                DMA1_Channel2_3_IRQHandler
                0x08001bc4                USART2_IRQHandler
                0x08001bc4                FLASH_IRQHandler
                0x08001bc4                USART1_IRQHandler
                0x08001bc4                TIM1_BRK_UP_TRG_COM_IRQHandler
 *fill*         0x08001bc6        0x2 
 .text.SPI_Init
                0x08001bc8       0x54 ..\obj\stm32f0xx_spi.o
                0x08001bc8                SPI_Init
 .text.SPI_Cmd  0x08001c1c       0x18 ..\obj\stm32f0xx_spi.o
                0x08001c1c                SPI_Cmd
 .text.SPI_DataSizeConfig
                0x08001c34       0x10 ..\obj\stm32f0xx_spi.o
                0x08001c34                SPI_DataSizeConfig
 .text.SPI_SendData8
                0x08001c44        0x4 ..\obj\stm32f0xx_spi.o
                0x08001c44                SPI_SendData8
 .text.SPI_I2S_SendData16
                0x08001c48        0x4 ..\obj\stm32f0xx_spi.o
                0x08001c48                SPI_I2S_SendData16
 .text.SPI_I2S_GetFlagStatus
                0x08001c4c        0xc ..\obj\stm32f0xx_spi.o
                0x08001c4c                SPI_I2S_GetFlagStatus
 .text.SetSysClock1
                0x08001c58       0xbc ..\obj\system_stm32f0xx_temp.o
                0x08001c58                SetSysClock
 .text.SystemInit1
                0x08001d14       0x64 ..\obj\system_stm32f0xx_temp.o
                0x08001d14                SystemInit
                0x08001d14                SystemInit1
 .text.GPIO_Init
                0x08001d78       0xc8 ..\obj\stm32f0xx_gpio.o
                0x08001d78                GPIO_Init
 .text.GPIO_ReadInputDataBit
                0x08001e40        0xc ..\obj\stm32f0xx_gpio.o
                0x08001e40                GPIO_ReadInputDataBit
 .text.GPIO_SetBits
                0x08001e4c        0x4 ..\obj\stm32f0xx_gpio.o
                0x08001e4c                GPIO_SetBits
 .text.GPIO_ResetBits
                0x08001e50        0x4 ..\obj\stm32f0xx_gpio.o
                0x08001e50                GPIO_ResetBits
 .text.GPIO_WriteBit
                0x08001e54        0xc ..\obj\stm32f0xx_gpio.o
                0x08001e54                GPIO_WriteBit
 .text.GPIO_PinAFConfig
                0x08001e60       0x24 ..\obj\stm32f0xx_gpio.o
                0x08001e60                GPIO_PinAFConfig
 .text.EXTI_Init
                0x08001e84       0x70 ..\obj\stm32f0xx_exti.o
                0x08001e84                EXTI_Init
 .text.EXTI_GetITStatus
                0x08001ef4       0x14 ..\obj\stm32f0xx_exti.o
                0x08001ef4                EXTI_GetITStatus
 .text.EXTI_ClearITPendingBit
                0x08001f08        0xc ..\obj\stm32f0xx_exti.o
                0x08001f08                EXTI_ClearITPendingBit
 .text.SYSCFG_EXTILineConfig
                0x08001f14       0x2c ..\obj\stm32f0xx_syscfg.o
                0x08001f14                SYSCFG_EXTILineConfig
 .text.NVIC_Init
                0x08001f40       0x60 ..\obj\stm32f0xx_misc.o
                0x08001f40                NVIC_Init
 .text          0x08001fa0      0x120 c:/program files (x86)/gnu tools arm embedded/4.9 2015q2/bin/../lib/gcc/arm-none-eabi/4.9.3/armv6-m\libgcc.a(_udivsi3.o)
                0x08001fa0                __aeabi_uidiv
                0x08001fa0                __udivsi3
                0x080020ac                __aeabi_uidivmod
 .text          0x080020c0        0x4 c:/program files (x86)/gnu tools arm embedded/4.9 2015q2/bin/../lib/gcc/arm-none-eabi/4.9.3/armv6-m\libgcc.a(_dvmd_tls.o)
                0x080020c0                __aeabi_idiv0
                0x080020c0                __aeabi_ldiv0
 .text          0x080020c4      0x270 c:/program files (x86)/gnu tools arm embedded/4.9 2015q2/bin/../lib/gcc/arm-none-eabi/4.9.3/armv6-m\libgcc.a(divsf3.o)
                0x080020c4                __aeabi_fdiv
 .text          0x08002334      0x264 c:/program files (x86)/gnu tools arm embedded/4.9 2015q2/bin/../lib/gcc/arm-none-eabi/4.9.3/armv6-m\libgcc.a(mulsf3.o)
                0x08002334                __aeabi_fmul
 .text          0x08002598       0x40 c:/program files (x86)/gnu tools arm embedded/4.9 2015q2/bin/../lib/gcc/arm-none-eabi/4.9.3/armv6-m\libgcc.a(fixsfsi.o)
                0x08002598                __aeabi_f2iz
 .text          0x080025d8       0x90 c:/program files (x86)/gnu tools arm embedded/4.9 2015q2/bin/../lib/gcc/arm-none-eabi/4.9.3/armv6-m\libgcc.a(floatsisf.o)
                0x080025d8                __aeabi_i2f
 .text          0x08002668       0x3c c:/program files (x86)/gnu tools arm embedded/4.9 2015q2/bin/../lib/gcc/arm-none-eabi/4.9.3/armv6-m\libgcc.a(_clzsi2.o)
                0x08002668                __clzsi2
 *(.init)
 *(.fini)
 *crtbegin.o(.ctors)
 *crtbegin?.o(.ctors)
 *(EXCLUDE_FILE(*crtend.o *crtend?.o) .ctors)
 *(SORT(.ctors.*))
 *(.ctors)
 *crtbegin.o(.dtors)
 *crtbegin?.o(.dtors)
 *(EXCLUDE_FILE(*crtend.o *crtend?.o) .dtors)
 *(SORT(.dtors.*))
 *(.dtors)
 *(.rodata*)
 .rodata        0x080026a4       0x80 c:/program files (x86)/gnu tools arm embedded/4.9 2015q2/bin/../lib/gcc/arm-none-eabi/4.9.3/armv6-m\libgcc.a(divsf3.o)
 .rodata        0x08002724       0x40 c:/program files (x86)/gnu tools arm embedded/4.9 2015q2/bin/../lib/gcc/arm-none-eabi/4.9.3/armv6-m\libgcc.a(mulsf3.o)
 *(.eh_fram e*)

.glue_7         0x08002764        0x0
 .glue_7        0x00000000        0x0 linker stubs

.glue_7t        0x08002764        0x0
 .glue_7t       0x00000000        0x0 linker stubs

.vfp11_veneer   0x08002764        0x0
 .vfp11_veneer  0x00000000        0x0 linker stubs

.v4_bx          0x08002764        0x0
 .v4_bx         0x00000000        0x0 linker stubs

.iplt           0x08002764        0x0
 .iplt          0x00000000        0x0 ..\obj\stm32f0xx_rcc.o

.rel.dyn        0x08002764        0x0
 .rel.iplt      0x00000000        0x0 ..\obj\stm32f0xx_rcc.o

.ARM.extab
 *(.ARM.extab* .gnu.linkonce.armextab.*)
                0x08002764                __exidx_start = .

.ARM.exidx
 *(.ARM.exidx* .gnu.linkonce.armexidx.*)
                0x08002764                __exidx_end = .
                0x08002764                __etext = .
                0x08002764                _sidata = __etext

.data           0x20000000      0x16c load address 0x08002764
                0x20000000                __data_start__ = .
                0x20000000                _sdata = __data_start__
 *(vtable)
 *(.data*)
 .data          0x20000000        0x5 ..\obj\ILI9163.o
                0x20000000                XPix
                0x20000002                YPix
 *fill*         0x20000005        0x3 
 .data          0x20000008      0x14e ..\obj\main.o
                0x20000008                OV7670_reg
 *fill*         0x20000156        0x2 
 .data          0x20000158       0x14 ..\obj\system_stm32f0xx_temp.o
                0x20000158                AHBPrescTable
                0x20000168                SystemCoreClock
                0x2000016c                . = ALIGN (0x4)
                0x2000016c                PROVIDE (__preinit_array_start, .)
 *(.preinit_array)
                0x2000016c                PROVIDE (__preinit_array_end, .)
                0x2000016c                . = ALIGN (0x4)
                0x2000016c                PROVIDE (__init_array_start, .)
 *(SORT(.init_array.*))
 *(.init_array)
                0x2000016c                PROVIDE (__init_array_end, .)
                0x2000016c                . = ALIGN (0x4)
                0x2000016c                PROVIDE (__fini_array_start, .)
 *(SORT(.fini_array.*))
 *(.fini_array)
                0x2000016c                PROVIDE (__fini_array_end, .)
 *(.jcr*)
                0x2000016c                . = ALIGN (0x4)
                0x2000016c                __data_end__ = .
                0x2000016c                _edata = __data_end__

.igot.plt       0x2000016c        0x0 load address 0x080028d0
 .igot.plt      0x00000000        0x0 ..\obj\stm32f0xx_rcc.o

.bss            0x2000016c      0xa30 load address 0x080028d0
                0x2000016c                . = ALIGN (0x4)
                0x2000016c                __bss_start__ = .
                0x2000016c                _sbss = __bss_start__
 *(.bss*)
 .bss           0x2000016c        0x5 ..\obj\main.o
                0x2000016c                MSec
                0x20000170                GetFrame
 *(COMMON)
 *fill*         0x20000171        0x3 
 COMMON         0x20000174       0x1c ..\obj\ILI9163.o
                0x20000174                S
                0x20000186                BKGCol
                0x20000188                G
 COMMON         0x20000190      0xa0c ..\obj\main.o
                0x20000190                N
                0x20000194                E
                0x2000019c                pbuf
                0x20000b9c                . = ALIGN (0x4)
                0x20000b9c                __bss_end__ = .
                0x20000b9c                _ebss = __bss_end__

.heap           0x20000b9c        0x0
                0x20000b9c                __end__ = .
                0x20000b9c                _end = __end__
                0x20000b9c                end = __end__
 *(.heap*)
                0x20000b9c                __HeapLimit = .

.co_stack       0x20000b9c        0x4 load address 0x08003300
                0x20000ba0                . = ALIGN (0x8)
 *fill*         0x20000b9c        0x4 
 *(.co_stack .co_stack.*)
                0x20002000                __StackTop = (ORIGIN (ram) + 0x2000)
                0x20001ffc                __StackLimit = (__StackTop - SIZEOF (.co_stack))
                0x20002000                PROVIDE (__stack, __StackTop)
                0x00000001                ASSERT ((__StackLimit >= __HeapLimit), region ram  overflowed with stack)
LOAD ..\obj\stm32f0xx_rcc.o
LOAD ..\obj\HFunc.o
LOAD ..\obj\GFXC.o
LOAD ..\obj\ILI9163.o
LOAD ..\obj\main.o
LOAD ..\obj\startup_stm32f0xx.o
LOAD ..\obj\stm32f0xx_spi.o
LOAD ..\obj\stm32f0xx_i2c.o
LOAD ..\obj\system_stm32f0xx_temp.o
LOAD ..\obj\stm32f0xx_gpio.o
LOAD ..\obj\stm32f0xx_exti.o
LOAD ..\obj\Fonts.o
LOAD ..\obj\stm32f0xx_syscfg.o
LOAD ..\obj\stm32f0xx_misc.o
START GROUP
LOAD c:/program files (x86)/gnu tools arm embedded/4.9 2015q2/bin/../lib/gcc/arm-none-eabi/4.9.3/armv6-m\libgcc.a
LOAD c:/program files (x86)/gnu tools arm embedded/4.9 2015q2/bin/../lib/gcc/arm-none-eabi/4.9.3/../../../../arm-none-eabi/lib/armv6-m\libg.a
LOAD c:/program files (x86)/gnu tools arm embedded/4.9 2015q2/bin/../lib/gcc/arm-none-eabi/4.9.3/../../../../arm-none-eabi/lib/armv6-m\libc.a
END GROUP
OUTPUT(STM32F0-OV7670.elf elf32-littlearm)

.debug_info     0x00000000     0xa327
 .debug_info    0x00000000      0xa4a ..\obj\stm32f0xx_rcc.o
 .debug_info    0x00000a4a     0x4dca ..\obj\ILI9163.o
 .debug_info    0x00005814     0x2bf3 ..\obj\main.o
 .debug_info    0x00008407       0xb6 ..\obj\startup_stm32f0xx.o
 .debug_info    0x000084bd      0xb4c ..\obj\stm32f0xx_spi.o
 .debug_info    0x00009009      0x2fd ..\obj\system_stm32f0xx_temp.o
 .debug_info    0x00009306      0x6f7 ..\obj\stm32f0xx_gpio.o
 .debug_info    0x000099fd      0x30f ..\obj\stm32f0xx_exti.o
 .debug_info    0x00009d0c      0x2b0 ..\obj\stm32f0xx_syscfg.o
 .debug_info    0x00009fbc      0x36b ..\obj\stm32f0xx_misc.o

.debug_abbrev   0x00000000     0x1323
 .debug_abbrev  0x00000000      0x2a3 ..\obj\stm32f0xx_rcc.o
 .debug_abbrev  0x000002a3      0x2f4 ..\obj\ILI9163.o
 .debug_abbrev  0x00000597      0x42c ..\obj\main.o
 .debug_abbrev  0x000009c3       0x12 ..\obj\startup_stm32f0xx.o
 .debug_abbrev  0x000009d5      0x1e5 ..\obj\stm32f0xx_spi.o
 .debug_abbrev  0x00000bba      0x13f ..\obj\system_stm32f0xx_temp.o
 .debug_abbrev  0x00000cf9      0x1d2 ..\obj\stm32f0xx_gpio.o
 .debug_abbrev  0x00000ecb      0x1b0 ..\obj\stm32f0xx_exti.o
 .debug_abbrev  0x0000107b      0x156 ..\obj\stm32f0xx_syscfg.o
 .debug_abbrev  0x000011d1      0x152 ..\obj\stm32f0xx_misc.o

.debug_loc      0x00000000     0x30fe
 .debug_loc     0x00000000      0x91d ..\obj\stm32f0xx_rcc.o
 .debug_loc     0x0000091d      0xca1 ..\obj\ILI9163.o
 .debug_loc     0x000015be      0xc2b ..\obj\main.o
 .debug_loc     0x000021e9      0x6c5 ..\obj\stm32f0xx_spi.o
 .debug_loc     0x000028ae       0xf8 ..\obj\system_stm32f0xx_temp.o
 .debug_loc     0x000029a6      0x38e ..\obj\stm32f0xx_gpio.o
 .debug_loc     0x00002d34      0x163 ..\obj\stm32f0xx_exti.o
 .debug_loc     0x00002e97      0x1b9 ..\obj\stm32f0xx_syscfg.o
 .debug_loc     0x00003050       0xae ..\obj\stm32f0xx_misc.o

.debug_aranges  0x00000000      0x510
 .debug_aranges
                0x00000000      0x150 ..\obj\stm32f0xx_rcc.o
 .debug_aranges
                0x00000150       0x80 ..\obj\ILI9163.o
 .debug_aranges
                0x000001d0       0x78 ..\obj\main.o
 .debug_aranges
                0x00000248       0x28 ..\obj\startup_stm32f0xx.o
 .debug_aranges
                0x00000270      0x110 ..\obj\stm32f0xx_spi.o
 .debug_aranges
                0x00000380       0x30 ..\obj\system_stm32f0xx_temp.o
 .debug_aranges
                0x000003b0       0x80 ..\obj\stm32f0xx_gpio.o
 .debug_aranges
                0x00000430       0x58 ..\obj\stm32f0xx_exti.o
 .debug_aranges
                0x00000488       0x58 ..\obj\stm32f0xx_syscfg.o
 .debug_aranges
                0x000004e0       0x30 ..\obj\stm32f0xx_misc.o

.debug_ranges   0x00000000      0x778
 .debug_ranges  0x00000000      0x158 ..\obj\stm32f0xx_rcc.o
 .debug_ranges  0x00000158      0x200 ..\obj\ILI9163.o
 .debug_ranges  0x00000358      0x1c0 ..\obj\main.o
 .debug_ranges  0x00000518       0x20 ..\obj\startup_stm32f0xx.o
 .debug_ranges  0x00000538      0x100 ..\obj\stm32f0xx_spi.o
 .debug_ranges  0x00000638       0x20 ..\obj\system_stm32f0xx_temp.o
 .debug_ranges  0x00000658       0x70 ..\obj\stm32f0xx_gpio.o
 .debug_ranges  0x000006c8       0x48 ..\obj\stm32f0xx_exti.o
 .debug_ranges  0x00000710       0x48 ..\obj\stm32f0xx_syscfg.o
 .debug_ranges  0x00000758       0x20 ..\obj\stm32f0xx_misc.o

.debug_line     0x00000000     0x25e0
 .debug_line    0x00000000      0x5e4 ..\obj\stm32f0xx_rcc.o
 .debug_line    0x000005e4      0x675 ..\obj\ILI9163.o
 .debug_line    0x00000c59      0x794 ..\obj\main.o
 .debug_line    0x000013ed       0xb1 ..\obj\startup_stm32f0xx.o
 .debug_line    0x0000149e      0x4f4 ..\obj\stm32f0xx_spi.o
 .debug_line    0x00001992      0x1f6 ..\obj\system_stm32f0xx_temp.o
 .debug_line    0x00001b88      0x338 ..\obj\stm32f0xx_gpio.o
 .debug_line    0x00001ec0      0x28b ..\obj\stm32f0xx_exti.o
 .debug_line    0x0000214b      0x23f ..\obj\stm32f0xx_syscfg.o
 .debug_line    0x0000238a      0x256 ..\obj\stm32f0xx_misc.o

.debug_str      0x00000000     0x1762
 .debug_str     0x00000000      0x683 ..\obj\stm32f0xx_rcc.o
                                0x721 (size before relaxing)
 .debug_str     0x00000683      0x435 ..\obj\ILI9163.o
                                0x5e4 (size before relaxing)
 .debug_str     0x00000ab8      0x496 ..\obj\main.o
                                0x93a (size before relaxing)
 .debug_str     0x00000f4e      0x365 ..\obj\stm32f0xx_spi.o
                                0x73a (size before relaxing)
 .debug_str     0x000012b3       0xa0 ..\obj\system_stm32f0xx_temp.o
                                0x298 (size before relaxing)
 .debug_str     0x00001353      0x114 ..\obj\stm32f0xx_gpio.o
                                0x4ae (size before relaxing)
 .debug_str     0x00001467       0xcc ..\obj\stm32f0xx_exti.o
                                0x32b (size before relaxing)
 .debug_str     0x00001533      0x180 ..\obj\stm32f0xx_syscfg.o
                                0x317 (size before relaxing)
 .debug_str     0x000016b3       0xaf ..\obj\stm32f0xx_misc.o
                                0x2f2 (size before relaxing)

.comment        0x00000000       0x70
 .comment       0x00000000       0x70 ..\obj\stm32f0xx_rcc.o
                                 0x71 (size before relaxing)
 .comment       0x00000000       0x71 ..\obj\ILI9163.o
 .comment       0x00000000       0x71 ..\obj\main.o
 .comment       0x00000000       0x71 ..\obj\stm32f0xx_spi.o
 .comment       0x00000000       0x71 ..\obj\system_stm32f0xx_temp.o
 .comment       0x00000000       0x71 ..\obj\stm32f0xx_gpio.o
 .comment       0x00000000       0x71 ..\obj\stm32f0xx_exti.o
 .comment       0x00000000       0x71 ..\obj\stm32f0xx_syscfg.o
 .comment       0x00000000       0x71 ..\obj\stm32f0xx_misc.o

.ARM.attributes
                0x00000000       0x2f
 .ARM.attributes
                0x00000000       0x31 ..\obj\stm32f0xx_rcc.o
 .ARM.attributes
                0x00000031       0x31 ..\obj\ILI9163.o
 .ARM.attributes
                0x00000062       0x31 ..\obj\main.o
 .ARM.attributes
                0x00000093       0x21 ..\obj\startup_stm32f0xx.o
 .ARM.attributes
                0x000000b4       0x31 ..\obj\stm32f0xx_spi.o
 .ARM.attributes
                0x000000e5       0x31 ..\obj\system_stm32f0xx_temp.o
 .ARM.attributes
                0x00000116       0x31 ..\obj\stm32f0xx_gpio.o
 .ARM.attributes
                0x00000147       0x31 ..\obj\stm32f0xx_exti.o
 .ARM.attributes
                0x00000178       0x31 ..\obj\stm32f0xx_syscfg.o
 .ARM.attributes
                0x000001a9       0x31 ..\obj\stm32f0xx_misc.o
 .ARM.attributes
                0x000001da       0x1e c:/program files (x86)/gnu tools arm embedded/4.9 2015q2/bin/../lib/gcc/arm-none-eabi/4.9.3/armv6-m\libgcc.a(_udivsi3.o)
 .ARM.attributes
                0x000001f8       0x1e c:/program files (x86)/gnu tools arm embedded/4.9 2015q2/bin/../lib/gcc/arm-none-eabi/4.9.3/armv6-m\libgcc.a(_dvmd_tls.o)
 .ARM.attributes
                0x00000216       0x2c c:/program files (x86)/gnu tools arm embedded/4.9 2015q2/bin/../lib/gcc/arm-none-eabi/4.9.3/armv6-m\libgcc.a(divsf3.o)
 .ARM.attributes
                0x00000242       0x2c c:/program files (x86)/gnu tools arm embedded/4.9 2015q2/bin/../lib/gcc/arm-none-eabi/4.9.3/armv6-m\libgcc.a(mulsf3.o)
 .ARM.attributes
                0x0000026e       0x2c c:/program files (x86)/gnu tools arm embedded/4.9 2015q2/bin/../lib/gcc/arm-none-eabi/4.9.3/armv6-m\libgcc.a(fixsfsi.o)
 .ARM.attributes
                0x0000029a       0x2c c:/program files (x86)/gnu tools arm embedded/4.9 2015q2/bin/../lib/gcc/arm-none-eabi/4.9.3/armv6-m\libgcc.a(floatsisf.o)
 .ARM.attributes
                0x000002c6       0x1e c:/program files (x86)/gnu tools arm embedded/4.9 2015q2/bin/../lib/gcc/arm-none-eabi/4.9.3/armv6-m\libgcc.a(_clzsi2.o)

.debug_frame    0x00000000      0xb48
 .debug_frame   0x00000000      0x298 ..\obj\stm32f0xx_rcc.o
 .debug_frame   0x00000298      0x164 ..\obj\ILI9163.o
 .debug_frame   0x000003fc      0x154 ..\obj\main.o
 .debug_frame   0x00000550      0x234 ..\obj\stm32f0xx_spi.o
 .debug_frame   0x00000784       0x54 ..\obj\system_stm32f0xx_temp.o
 .debug_frame   0x000007d8      0x110 ..\obj\stm32f0xx_gpio.o
 .debug_frame   0x000008e8       0x98 ..\obj\stm32f0xx_exti.o
 .debug_frame   0x00000980       0x98 ..\obj\stm32f0xx_syscfg.o
 .debug_frame   0x00000a18       0x4c ..\obj\stm32f0xx_misc.o
 .debug_frame   0x00000a64       0x20 c:/program files (x86)/gnu tools arm embedded/4.9 2015q2/bin/../lib/gcc/arm-none-eabi/4.9.3/armv6-m\libgcc.a(_udivsi3.o)
 .debug_frame   0x00000a84       0x3c c:/program files (x86)/gnu tools arm embedded/4.9 2015q2/bin/../lib/gcc/arm-none-eabi/4.9.3/armv6-m\libgcc.a(divsf3.o)
 .debug_frame   0x00000ac0       0x3c c:/program files (x86)/gnu tools arm embedded/4.9 2015q2/bin/../lib/gcc/arm-none-eabi/4.9.3/armv6-m\libgcc.a(mulsf3.o)
 .debug_frame   0x00000afc       0x20 c:/program files (x86)/gnu tools arm embedded/4.9 2015q2/bin/../lib/gcc/arm-none-eabi/4.9.3/armv6-m\libgcc.a(fixsfsi.o)
 .debug_frame   0x00000b1c       0x2c c:/program files (x86)/gnu tools arm embedded/4.9 2015q2/bin/../lib/gcc/arm-none-eabi/4.9.3/armv6-m\libgcc.a(floatsisf.o)
